// Jest Snapshot v1, https://goo.gl/fbAQLP

exports[`<Combobox /> should match the snapshot: after text input 1`] = `
<body>
  <div>
    <div>
      <h2>
        Clientside Search
      </h2>
      <div
        aria-expanded="true"
        aria-haspopup="listbox"
        aria-owns="listbox--holy-smokes"
        data-reach-combobox=""
        id="holy-smokes"
        role="combobox"
      >
        <input
          aria-autocomplete="both"
          aria-controls="listbox--holy-smokes"
          data-reach-combobox-input=""
          data-testid="input"
          name="awesome"
          value="e"
        />
        <div
          data-reach-combobox-popover=""
          tabindex="-1"
        >
          <p>
            <button>
              Test focus
            </button>
          </p>
          <ul
            data-reach-combobox-list=""
            data-testid="list"
            id="listbox--holy-smokes"
            role="listbox"
          >
            <li
              aria-selected="false"
              data-reach-combobox-option=""
              id="931144230"
              role="option"
              tabindex="-1"
            >
              <span
                data-user-value="true"
              >
                E
              </span>
              <span
                data-suggested-value="true"
              >
                agan, Minn
              </span>
              <span
                data-user-value="true"
              >
                e
              </span>
              <span
                data-suggested-value="true"
              >
                sota
              </span>
            </li>
            <li
              aria-selected="false"
              data-reach-combobox-option=""
              id="-276154372"
              role="option"
              tabindex="-1"
            >
              <span
                data-user-value="true"
              >
                E
              </span>
              <span
                data-suggested-value="true"
              >
                agl
              </span>
              <span
                data-user-value="true"
              >
                e
              </span>
              <span
                data-suggested-value="true"
              >
                 Mountain, T
              </span>
              <span
                data-user-value="true"
              >
                e
              </span>
              <span
                data-suggested-value="true"
              >
                xas
              </span>
            </li>
            <li
              aria-selected="false"
              data-reach-combobox-option=""
              id="1710908408"
              role="option"
              tabindex="-1"
            >
              <span
                data-user-value="true"
              >
                E
              </span>
              <span
                data-suggested-value="true"
              >
                agl
              </span>
              <span
                data-user-value="true"
              >
                e
              </span>
              <span
                data-suggested-value="true"
              >
                 Pass, T
              </span>
              <span
                data-user-value="true"
              >
                e
              </span>
              <span
                data-suggested-value="true"
              >
                xas
              </span>
            </li>
            <li
              aria-selected="false"
              data-reach-combobox-option=""
              id="-1574158667"
              role="option"
              tabindex="-1"
            >
              <span
                data-user-value="true"
              >
                E
              </span>
              <span
                data-suggested-value="true"
              >
                agl
              </span>
              <span
                data-user-value="true"
              >
                e
              </span>
              <span
                data-suggested-value="true"
              >
                , Idaho
              </span>
            </li>
            <li
              aria-selected="false"
              data-reach-combobox-option=""
              id="-937984427"
              role="option"
              tabindex="-1"
            >
              <span
                data-user-value="true"
              >
                E
              </span>
              <span
                data-suggested-value="true"
              >
                arlimart, California
              </span>
            </li>
            <li
              aria-selected="false"
              data-reach-combobox-option=""
              id="-203649349"
              role="option"
              tabindex="-1"
            >
              <span
                data-user-value="true"
              >
                E
              </span>
              <span
                data-suggested-value="true"
              >
                asl
              </span>
              <span
                data-user-value="true"
              >
                e
              </span>
              <span
                data-suggested-value="true"
              >
                y, South Carolina
              </span>
            </li>
            <li
              aria-selected="false"
              data-reach-combobox-option=""
              id="447155012"
              role="option"
              tabindex="-1"
            >
              <span
                data-user-value="true"
              >
                E
              </span>
              <span
                data-suggested-value="true"
              >
                ast Alton, Illinois
              </span>
            </li>
            <li
              aria-selected="false"
              data-reach-combobox-option=""
              id="-1162835674"
              role="option"
              tabindex="-1"
            >
              <span
                data-user-value="true"
              >
                E
              </span>
              <span
                data-suggested-value="true"
              >
                ast Aurora, N
              </span>
              <span
                data-user-value="true"
              >
                e
              </span>
              <span
                data-suggested-value="true"
              >
                w York
              </span>
            </li>
            <li
              aria-selected="false"
              data-reach-combobox-option=""
              id="1182450877"
              role="option"
              tabindex="-1"
            >
              <span
                data-user-value="true"
              >
                E
              </span>
              <span
                data-suggested-value="true"
              >
                ast B
              </span>
              <span
                data-user-value="true"
              >
                e
              </span>
              <span
                data-suggested-value="true"
              >
                th
              </span>
              <span
                data-user-value="true"
              >
                e
              </span>
              <span
                data-suggested-value="true"
              >
                l, Minn
              </span>
              <span
                data-user-value="true"
              >
                e
              </span>
              <span
                data-suggested-value="true"
              >
                sota
              </span>
            </li>
            <li
              aria-selected="false"
              data-reach-combobox-option=""
              id="-190973284"
              role="option"
              tabindex="-1"
            >
              <span
                data-user-value="true"
              >
                E
              </span>
              <span
                data-suggested-value="true"
              >
                ast Brain
              </span>
              <span
                data-user-value="true"
              >
                e
              </span>
              <span
                data-suggested-value="true"
              >
                rd, T
              </span>
              <span
                data-user-value="true"
              >
                e
              </span>
              <span
                data-suggested-value="true"
              >
                nn
              </span>
              <span
                data-user-value="true"
              >
                e
              </span>
              <span
                data-suggested-value="true"
              >
                ss
              </span>
              <span
                data-user-value="true"
              >
                ee
              </span>
            </li>
          </ul>
        </div>
      </div>
    </div>
  </div>
</body>
`;

exports[`<Combobox /> should match the snapshot: before text input 1`] = `
<body>
  <div>
    <div>
      <h2>
        Clientside Search
      </h2>
      <div
        aria-expanded="false"
        aria-haspopup="listbox"
        aria-owns="listbox--holy-smokes"
        data-reach-combobox=""
        id="holy-smokes"
        role="combobox"
      >
        <input
          aria-autocomplete="both"
          aria-controls="listbox--holy-smokes"
          data-reach-combobox-input=""
          data-testid="input"
          name="awesome"
          value=""
        />
        <span>
          No Results!
        </span>
      </div>
    </div>
  </div>
</body>
`;
